#-----------------------------------------------------------
# xsim v2024.2 (64-bit)
# SW Build 5239630 on Fri Nov 08 22:35:27 MST 2024
# IP Build 5239520 on Sun Nov 10 16:12:51 MST 2024
# SharedData Build 5239561 on Fri Nov 08 14:39:27 MST 2024
# Start of session at: Sat Sep 26 10:55:31 2026
# Process ID         : 37296
# Current directory  : E:/FPGA/comp_2026/proj1/fpga_project1
# Command line       : xsim.exe -log reports/tb_key_fault.log -mode tcl -source {xsim.dir/tb_key_fault/xsim_script.tcl}
# Log file           : E:/FPGA/comp_2026/proj1/fpga_project1/reports/tb_key_fault.log
# Journal file       : E:/FPGA/comp_2026/proj1/fpga_project1\xsim.jou
# Running On         : Tony-Thinkbook16p
# Platform           : Windows Server 2016 or Windows 10
# Operating System   : 26100
# Processor Detail   : Intel(R) Core(TM) Ultra 7 255HX
# CPU Frequency      : 2880 MHz
# CPU Physical cores : 20
# CPU Logical cores  : 20
# Host memory        : 33751 MB
# Swap memory        : 8589 MB
# Total Virtual      : 42341 MB
# Available Virtual  : 10844 MB
#-----------------------------------------------------------
source xsim.dir/tb_key_fault/xsim_script.tcl
# xsim {tb_key_fault} -autoloadwcfg -tclbatch {sim/run.tcl}
Time resolution is 1 ps
source sim/run.tcl
## run all
All OUT stuck high: good=1, raw=0, keys=0 (cannot detect by H alone)
OUT3 stuck low: good=0, valid OUT1/2 changes blocked by whole-frame check
No clock reaches chips: H held at 1, good=1, raw=0, keys=0
PASS tb_key_fault: disconnected inputs, stuck-low lane, missing shift clock, recovery
$finish called at time : 15435 us : File "E:/FPGA/comp_2026/proj1/fpga_project1/sim/tb_key_fault.sv" Line 41
## quit
INFO: [Common 17-206] Exiting xsim at Sat Sep 26 10:55:33 2026...
