#-----------------------------------------------------------
# xsim v2024.2 (64-bit)
# SW Build 5239630 on Fri Nov 08 22:35:27 MST 2024
# IP Build 5239520 on Sun Nov 10 16:12:51 MST 2024
# SharedData Build 5239561 on Fri Nov 08 14:39:27 MST 2024
# Start of session at: Sat Sep 26 10:53:51 2026
# Process ID         : 30576
# Current directory  : E:/FPGA/comp_2026/proj1/fpga_project1
# Command line       : xsim.exe -log reports/tb_map.log -mode tcl -source {xsim.dir/tb_map/xsim_script.tcl}
# Log file           : E:/FPGA/comp_2026/proj1/fpga_project1/reports/tb_map.log
# Journal file       : E:/FPGA/comp_2026/proj1/fpga_project1\xsim.jou
# Running On         : Tony-Thinkbook16p
# Platform           : Windows Server 2016 or Windows 10
# Operating System   : 26100
# Processor Detail   : Intel(R) Core(TM) Ultra 7 255HX
# CPU Frequency      : 2880 MHz
# CPU Physical cores : 20
# CPU Logical cores  : 20
# Host memory        : 33751 MB
# Swap memory        : 8589 MB
# Total Virtual      : 42341 MB
# Available Virtual  : 9282 MB
#-----------------------------------------------------------
source xsim.dir/tb_map/xsim_script.tcl
# xsim {tb_map} -autoloadwcfg -tclbatch {sim/run.tcl}
Time resolution is 1 ps
source sim/run.tcl
## run all
PASS tb_map: Do-Si rows SW5,6,7,1,2,3,4 / SW12,13,14,8,9,10,11 / SW19,20,21,15,16,17,18
$finish called at time : 22 ns : File "E:/FPGA/comp_2026/proj1/fpga_project1/sim/tb_map.sv" Line 19
## quit
INFO: [Common 17-206] Exiting xsim at Sat Sep 26 10:53:53 2026...
