#-----------------------------------------------------------
# xsim v2024.2 (64-bit)
# SW Build 5239630 on Fri Nov 08 22:35:27 MST 2024
# IP Build 5239520 on Sun Nov 10 16:12:51 MST 2024
# SharedData Build 5239561 on Fri Nov 08 14:39:27 MST 2024
# Start of session at: Sat Sep 26 11:18:30 2026
# Process ID         : 23988
# Current directory  : E:/FPGA/comp_2026/proj1/fpga_project1
# Command line       : xsim.exe -log reports/tb_pt_core.log -mode tcl -source {xsim.dir/tb_pt_core/xsim_script.tcl}
# Log file           : E:/FPGA/comp_2026/proj1/fpga_project1/reports/tb_pt_core.log
# Journal file       : E:/FPGA/comp_2026/proj1/fpga_project1\xsim.jou
# Running On         : Tony-Thinkbook16p
# Platform           : Windows Server 2016 or Windows 10
# Operating System   : 26100
# Processor Detail   : Intel(R) Core(TM) Ultra 7 255HX
# CPU Frequency      : 2880 MHz
# CPU Physical cores : 20
# CPU Logical cores  : 20
# Host memory        : 33751 MB
# Swap memory        : 8589 MB
# Total Virtual      : 42341 MB
# Available Virtual  : 10078 MB
#-----------------------------------------------------------
source xsim.dir/tb_pt_core/xsim_script.tcl
# xsim {tb_pt_core} -autoloadwcfg -tclbatch {sim/run.tcl}
Time resolution is 1 ps
source sim/run.tcl
## run all
PT digital latency: 3108703 ns
PASS tb_pt_core: 6203 frames, keyboard/chord/retrigger/test key, 9/1024-cycle deadline
$finish called at time : 129234384045 ps : File "E:/FPGA/comp_2026/proj1/fpga_project1/sim/tb_pt_core.sv" Line 63
run: Time (s): cpu = 00:00:00 ; elapsed = 00:00:13 . Memory (MB): peak = 196.676 ; gain = 0.000
## quit
INFO: xsimkernel Simulation Memory Usage: 30824 KB (Peak: 30824 KB), Simulation CPU Usage: 13342 ms
INFO: [Common 17-206] Exiting xsim at Sat Sep 26 11:18:45 2026...
