#-----------------------------------------------------------
# xsim v2024.2 (64-bit)
# SW Build 5239630 on Fri Nov 08 22:35:27 MST 2024
# IP Build 5239520 on Sun Nov 10 16:12:51 MST 2024
# SharedData Build 5239561 on Fri Nov 08 14:39:27 MST 2024
# Start of session at: Sat Sep 26 10:55:36 2026
# Process ID         : 4632
# Current directory  : E:/FPGA/comp_2026/proj1/fpga_project1
# Command line       : xsim.exe -log reports/tb_quality.log -mode tcl -source {xsim.dir/tb_quality/xsim_script.tcl}
# Log file           : E:/FPGA/comp_2026/proj1/fpga_project1/reports/tb_quality.log
# Journal file       : E:/FPGA/comp_2026/proj1/fpga_project1\xsim.jou
# Running On         : Tony-Thinkbook16p
# Platform           : Windows Server 2016 or Windows 10
# Operating System   : 26100
# Processor Detail   : Intel(R) Core(TM) Ultra 7 255HX
# CPU Frequency      : 2880 MHz
# CPU Physical cores : 20
# CPU Logical cores  : 20
# Host memory        : 33751 MB
# Swap memory        : 8589 MB
# Total Virtual      : 42341 MB
# Available Virtual  : 10675 MB
#-----------------------------------------------------------
source xsim.dir/tb_quality/xsim_script.tcl
# xsim {tb_quality} -autoloadwcfg -tclbatch {sim/run.tcl}
Time resolution is 1 ps
source sim/run.tcl
## run all
PASS tb_quality: 4096-point A4, symmetric output, exact idle zero
$finish called at time : 16409040 ns : File "E:/FPGA/comp_2026/proj1/fpga_project1/sim/tb_quality.sv" Line 30
## quit
INFO: [Common 17-206] Exiting xsim at Sat Sep 26 10:55:38 2026...
